Flutter crash report.
Please report a bug at https://github.com/flutter/flutter/issues.

## command

flutter pub get --no-example

## exception

FileSystemException: FileSystemException: Deletion failed, path = '/Users/joonghunsung/Developer/onetouch_copy/frontend/ios/Flutter/ephemeral/Packages/.packages' (OS Error: Directory not empty, errno = 66)

```
#0      _Directory._deleteSync (dart:io/directory_impl.dart:216:7)
#1      FileSystemEntity.deleteSync (dart:io/file_system_entity.dart:425:7)
#2      ForwardingFileSystemEntity.deleteSync (package:file/src/forwarding/forwarding_file_system_entity.dart:70:16)
#3      ErrorHandlingDirectory.deleteSync.<anonymous closure> (package:flutter_tools/src/base/error_handling_io.dart:717:22)
#4      _runSync (package:flutter_tools/src/base/error_handling_io.dart:1118:16)
#5      ErrorHandlingDirectory.deleteSync (package:flutter_tools/src/base/error_handling_io.dart:716:12)
#6      ErrorHandlingFileSystem.deleteIfExists (package:flutter_tools/src/base/error_handling_io.dart:132:20)
#7      SwiftPackageManager.generatePluginsSwiftPackage (package:flutter_tools/src/macos/swift_package_manager.dart:66:29)
#8      DarwinDependencyManagement.setUp (package:flutter_tools/src/macos/darwin_dependency_management.dart:63:34)
#9      injectPlugins (package:flutter_tools/src/flutter_plugins.dart:1466:42)
<asynchronous suspension>
#10     FlutterProject.ensureReadyForPlatformSpecificTooling (package:flutter_tools/src/project.dart:471:5)
<asynchronous suspension>
#11     PackagesGetCommand.runCommand.<anonymous closure> (package:flutter_tools/src/commands/packages.dart:400:9)
<asynchronous suspension>
#12     Pool.forEach.run (package:pool/pool.dart:183:19)
<asynchronous suspension>
#13     Pool.withResource (package:pool/pool.dart:127:14)
<asynchronous suspension>
#14     Future.wait.<anonymous closure> (dart:async/future.dart:567:21)
<asynchronous suspension>
#15     Pool.forEach.onListen.<anonymous closure> (package:pool/pool.dart:203:23)
<asynchronous suspension>
#16     _StreamController.close (dart:async/stream_controller.dart:640:3)
<asynchronous suspension>
#17     _nullDataHandler (dart:async/stream_impl.dart:549:1)
<asynchronous suspension>
```

## flutter doctor

```
[✓] Flutter (Channel stable, 3.47.0, on macOS 26.6.2 25G83 darwin-arm64, locale ko-US) [962ms]
    • Flutter version 3.47.0 on channel stable at /Users/joonghunsung/Downloads/flutter
    • Upstream repository https://github.com/flutter/flutter.git
    • Framework revision 4cf2416426 (5 weeks ago), 2026-08-11 11:53:49 -0700
    • Engine revision 5f77625673
    • Dart version 3.13.0
    • DevTools version 2.60.0
    • Feature flags: enable-web, enable-linux-desktop, enable-macos-desktop, enable-windows-desktop, enable-android, enable-ios, cli-animations, enable-native-assets, enable-record-use, enable-swift-package-manager, omit-legacy-version-file, enable-lldb-debugging, enable-uiscene-migration

[✓] Android toolchain - develop for Android devices (Android SDK version 35.0.0) [3.0s]
    • Android SDK at /Users/joonghunsung/Library/Android/sdk
    • Emulator version 35.1.21.0 (build_id 12325540) (CL:N/A)
    • Platform android-36, build-tools 35.0.0
    • Java binary at: /Users/joonghunsung/Desktop/Android Studio.app/Contents/jbr/Contents/Home/bin/java
      This is the JDK bundled with the latest Android Studio installation on this machine.
      To manually set the JDK path, use: `flutter config --jdk-dir="path/to/jdk"`.
    • Java version OpenJDK Runtime Environment (build 17.0.11+0-17.0.11b1207.24-11852314)
    • All Android licenses accepted.

[✓] Xcode - develop for iOS and macOS (Xcode 26.6) [3.0s]
    • Xcode at /Applications/Xcode.app/Contents/Developer
    • Build 17F113
    • CocoaPods version 1.16.2

[✓] Chrome - develop for the web [4ms]
    • Chrome at /Applications/Google Chrome.app/Contents/MacOS/Google Chrome

[✓] Connected device (3 available) [6.7s]
    • iPhone 17 Pro (mobile) • C4BEEB07-7526-47C0-A294-B89E0BD7B91B • ios            • com.apple.CoreSimulator.SimRuntime.iOS-26-5 (simulator)
    • macOS (desktop)        • macos                                • darwin-arm64   • macOS 26.6.2 25G83 darwin-arm64
    • Chrome (web)           • chrome                               • web-javascript • Google Chrome 152.0.7977.83
    ! Error: Browsing on the local area network for 성중헌의 iPhone. Ensure the device is unlocked and attached with a cable or associated with the same local area network as this Mac.
      The device must be opted into Developer Mode to connect wirelessly. (code -27)
    ! Error: Browsing on the local area network for iPhone. Ensure the device is unlocked and attached with a cable or associated with the same local area network as this Mac.
      The device must be opted into Developer Mode to connect wirelessly. (code -27)
    ! Error: Browsing on the local area network for 성중헌의 iPhone. Ensure the device is unlocked and attached with a cable or associated with the same local area network as this Mac.
      The device must be opted into Developer Mode to connect wirelessly. (code -27)

[✓] Network resources [255ms]
    • All expected network resources are available.

• No issues found!
```
